package special_cases_fix

type NoLLLDirective struct{}

//nolint:lll // test directive
func NewNoLLLDirective() *NoLLLDirective {
	return &NoLLLDirective{}
}

// NoLLLDirectiveWithDoc with docs.
type NoLLLDirectiveWithDoc struct{}

// NewNoLLLDirectiveWithDoc constructor for NoLLLDirectiveWithDoc
//
//nolint:lll // test directive
func NewNoLLLDirectiveWithDoc() *NoLLLDirectiveWithDoc {
	return &NoLLLDirectiveWithDoc{}
}
