package simple_alphabetical_fix

type MyStruct2 struct {
	Name string
}

func NewMyStruct2() *MyStruct2 {
	return &MyStruct2{Name: "John"}
}

func NewOtherMyStruct2() (m *MyStruct2) {
	m = &MyStruct2{Name: "John"}
	return
}

func (m MyStruct2) GetName() string {
	return m.Name
}

func (m *MyStruct2) SetName(name string) {
	m.Name = name
}
